// Jest Snapshot v1, https://goo.gl/fbAQLP

exports[`renders with coordiante 1`] = `null`;

exports[`renders without coordiante 1`] = `null`;
